../Core/Src/main.c:130:9:debounceButton	48	static
../Core/Src/main.c:147:5:map	24	static
../Core/Src/main.c:152:6:lcd_print_int	40	static
../Core/Src/main.c:159:6:setServoPulse	56	static
../Core/Src/main.c:172:6:stateA_actions	16	static
../Core/Src/main.c:201:6:stateB_actions	24	static
../Core/Src/main.c:256:6:stateC_actions	8	static
../Core/Src/main.c:275:5:main	24	static
../Core/Src/main.c:364:6:SystemClock_Config	88	static
../Core/Src/main.c:405:13:MX_ADC1_Init	24	static
../Core/Src/main.c:464:13:MX_I2C1_Init	8	static
../Core/Src/main.c:512:13:MX_TIM1_Init	104	static
../Core/Src/main.c:584:13:MX_USART2_UART_Init	8	static
../Core/Src/main.c:632:13:MX_GPIO_Init	48	static
../Core/Src/main.c:687:6:Error_Handler	8	static,ignoring_inline_asm
